// Jest Snapshot v1, https://goo.gl/fbAQLP

exports[`<ITunes /> container tests should render and match the snapshot 1`] = `
<body>
  <div>
    <div
      class="MuiContainer-root MuiContainer-maxWidthLg e1qlpjed1 css-q20w81-MuiContainer-root"
    >
      <p
        class="css-lh9t18 egtqi0h0"
        data-testid="t"
      >
        iTunes Search
      </p>
      <form
        data-testid="search-form"
      >
        <div
          class="MuiInputBase-root MuiOutlinedInput-root MuiInputBase-colorPrimary css-djb9n3-MuiInputBase-root-MuiOutlinedInput-root"
        >
          <input
            class="MuiInputBase-input MuiOutlinedInput-input css-1t8l2tu-MuiInputBase-input-MuiOutlinedInput-input"
            data-testid="search-input"
            placeholder="Search any track"
            type="text"
            value=""
          />
          <fieldset
            aria-hidden="true"
            class="MuiOutlinedInput-notchedOutline css-1d3z3hw-MuiOutlinedInput-notchedOutline"
          >
            <legend
              class="css-ihdtdm"
            >
              <span
                class="notranslate"
              >
                â€‹
              </span>
            </legend>
          </fieldset>
        </div>
        <button
          class="MuiButtonBase-root MuiButton-root MuiButton-secondary MuiButton-secondaryPrimary MuiButton-sizeMedium MuiButton-secondarySizeMedium MuiButton-root MuiButton-secondary MuiButton-secondaryPrimary MuiButton-sizeMedium MuiButton-secondarySizeMedium css-10yof0b-MuiButtonBase-root-MuiButton-root"
          tabindex="0"
          type="submit"
        >
          Search
          <span
            class="MuiTouchRipple-root css-8je8zh-MuiTouchRipple-root"
          />
        </button>
      </form>
    </div>
  </div>
</body>
`;
